exports[`test ArticleTest renders correctly 1`] = `
<div>
  <h1>
    A title
     [
    2015-12-31
    ]
  </h1>
  <h4>
    <a
      href="http://example.com">
      http://example.com
    </a>
  </h4>
</div>
`;
